loaded	rules=13248052	expressions=138453228	seconds=167.052995
match	""	true	seconds=0.050413	steps=23	memo_bytes=105984488	characters=0	repeat=1
match	"a"	true	seconds=1.372619	steps=2942344	memo_bytes=115389296	characters=1	repeat=1
match	"b"	true	seconds=1.705355	steps=2942345	memo_bytes=115389296	characters=1	repeat=1
match	"aa"	true	seconds=2.601767	steps=8442141	memo_bytes=123148592	characters=2	repeat=1
match	"ab"	false	seconds=0.209426	steps=558	memo_bytes=105985952	characters=2	repeat=1
match	"ba"	false	seconds=0.035352	steps=565	memo_bytes=105985952	characters=2	repeat=1
match	"bb"	true	seconds=2.464178	steps=8442122	memo_bytes=123148592	characters=2	repeat=1
match	"aaa"	true	seconds=3.830812	steps=15591998	memo_bytes=127738688	characters=3	repeat=1
match	"aab"	false	seconds=0.357168	steps=819	memo_bytes=105985952	characters=3	repeat=1
match	"aba"	true	seconds=3.336746	steps=15062766	memo_bytes=126185696	characters=3	repeat=1
match	"abb"	false	seconds=0.336856	steps=819	memo_bytes=105985952	characters=3	repeat=1
match	"baa"	false	seconds=0.050041	steps=826	memo_bytes=105985952	characters=3	repeat=1
match	"bab"	true	seconds=3.372633	steps=15062748	memo_bytes=126185696	characters=3	repeat=1
match	"bba"	false	seconds=0.254924	steps=826	memo_bytes=105985952	characters=3	repeat=1
match	"bbb"	true	seconds=3.200588	steps=15591974	memo_bytes=127738688	characters=3	repeat=1
match	"aaaa"	true	seconds=6.553361	steps=28341241	memo_bytes=149497888	characters=4	repeat=1
match	"aaab"	false	seconds=2.949202	steps=9869376	memo_bytes=123600800	characters=4	repeat=1
match	"aaba"	false	seconds=1.636512	steps=7349331	memo_bytes=117241312	characters=4	repeat=1
match	"aabb"	false	seconds=1.555726	steps=7358705	memo_bytes=117330528	characters=4	repeat=1
match	"abaa"	false	seconds=1.904486	steps=8773195	memo_bytes=122571296	characters=4	repeat=1
match	"abab"	false	seconds=1.975855	steps=8767755	memo_bytes=122493920	characters=4	repeat=1
match	"abba"	true	seconds=6.876314	steps=27551706	memo_bytes=147290912	characters=4	repeat=1
match	"abbb"	false	seconds=3.172397	steps=8451020	memo_bytes=121146720	characters=4	repeat=1
match	"baaa"	false	seconds=1.965838	steps=8451016	memo_bytes=121146720	characters=4	repeat=1
match	"baab"	true	seconds=8.139619	steps=27551680	memo_bytes=147290912	characters=4	repeat=1
match	"baba"	false	seconds=3.663678	steps=8767753	memo_bytes=122493920	characters=4	repeat=1
match	"babb"	false	seconds=3.008414	steps=8773191	memo_bytes=122571296	characters=4	repeat=1
match	"bbaa"	false	seconds=2.165752	steps=7358695	memo_bytes=117330528	characters=4	repeat=1
match	"bbab"	false	seconds=2.105151	steps=7349319	memo_bytes=117241312	characters=4	repeat=1
match	"bbba"	false	seconds=2.735062	steps=9869352	memo_bytes=123600800	characters=4	repeat=1
match	"bbbb"	true	seconds=6.460810	steps=28341197	memo_bytes=149497888	characters=4	repeat=1
match	"aaaaa"	true	seconds=12.514204	steps=40643579	memo_bytes=155630432	characters=5	repeat=1
match	"aaaab"	false	seconds=5.068412	steps=14139609	memo_bytes=124868576	characters=5	repeat=1
match	"aaaba"	false	seconds=2.589017	steps=10472603	memo_bytes=118458720	characters=5	repeat=1
match	"aaabb"	false	seconds=2.158980	steps=10481977	memo_bytes=118547936	characters=5	repeat=1
match	"aabaa"	true	seconds=11.821760	steps=39611977	memo_bytes=154567328	characters=5	repeat=1
match	"aabab"	false	seconds=3.911742	steps=14214524	memo_bytes=124979360	characters=5	repeat=1
match	"aabba"	false	seconds=2.971023	steps=13837979	memo_bytes=123858720	characters=5	repeat=1
match	"aabbb"	false	seconds=2.827630	steps=11520213	memo_bytes=122199200	characters=5	repeat=1
match	"abaaa"	false	seconds=3.321910	steps=13792729	memo_bytes=125036000	characters=5	repeat=1
match	"abaab"	false	seconds=3.973914	steps=15199995	memo_bytes=125046304	characters=5	repeat=1
match	"ababa"	true	seconds=11.830438	steps=38587127	memo_bytes=152719904	characters=5	repeat=1
match	"ababb"	false	seconds=4.108822	steps=12242572	memo_bytes=123750688	characters=5	repeat=1
match	"abbaa"	false	seconds=3.089822	steps=12504830	memo_bytes=123837920	characters=5	repeat=1
match	"abbab"	false	seconds=3.257815	steps=12499390	memo_bytes=123760224	characters=5	repeat=1
match	"abbba"	true	seconds=9.541863	steps=38838480	memo_bytes=153061216	characters=5	repeat=1
match	"abbbb"	false	seconds=4.970437	steps=14424192	memo_bytes=125369312	characters=5	repeat=1
match	"baaaa"	false	seconds=5.352291	steps=14424206	memo_bytes=125369312	characters=5	repeat=1
match	"baaab"	true	seconds=12.679114	steps=38838483	memo_bytes=153061216	characters=5	repeat=1
match	"baaba"	false	seconds=3.272963	steps=12499402	memo_bytes=123760224	characters=5	repeat=1
match	"baabb"	false	seconds=2.769920	steps=12504840	memo_bytes=123837920	characters=5	repeat=1
match	"babaa"	false	seconds=2.497134	steps=12242568	memo_bytes=123750688	characters=5	repeat=1
match	"babab"	true	seconds=10.873993	steps=38587128	memo_bytes=152719904	characters=5	repeat=1
match	"babba"	false	seconds=5.219124	steps=15200001	memo_bytes=125046304	characters=5	repeat=1
match	"babbb"	false	seconds=3.486900	steps=13792735	memo_bytes=125036000	characters=5	repeat=1
match	"bbaaa"	false	seconds=4.279272	steps=11520193	memo_bytes=122199200	characters=5	repeat=1
match	"bbaab"	false	seconds=3.118148	steps=13837959	memo_bytes=123858720	characters=5	repeat=1
match	"bbaba"	false	seconds=3.235885	steps=14214500	memo_bytes=124979360	characters=5	repeat=1
match	"bbabb"	true	seconds=11.093859	steps=39611920	memo_bytes=154567328	characters=5	repeat=1
match	"bbbaa"	false	seconds=2.691620	steps=10481953	memo_bytes=118547936	characters=5	repeat=1
match	"bbbab"	false	seconds=1.961823	steps=10472577	memo_bytes=118458720	characters=5	repeat=1
match	"bbbba"	false	seconds=4.594424	steps=14139565	memo_bytes=124868576	characters=5	repeat=1
match	"bbbbb"	true	seconds=12.041918	steps=40643506	memo_bytes=155630432	characters=5	repeat=1
match	"abbbba"	true	seconds=14.492849	steps=52212673	memo_bytes=161352672	characters=6	repeat=1
match	"abaaba"	true	seconds=14.195711	steps=51965321	memo_bytes=162051744	characters=6	repeat=1
match	"abbaabba"	true	seconds=24.840484	steps=79362007	memo_bytes=196924736	characters=8	repeat=1
match	"abbaabab"	false	seconds=7.700392	steps=18491203	memo_bytes=136338176	characters=8	repeat=1
match	"abbbbbbbbbbba"	true	seconds=35.762199	steps=149665809	memo_bytes=240629024	characters=13	repeat=1
match	"abbbbbbbbbbab"	false	seconds=14.936536	steps=47200344	memo_bytes=168865184	characters=13	repeat=1
match	"aaaaaaaaaaaaaaaaa"	true	seconds=55.617438	steps=221571457	memo_bytes=424427136	characters=17	repeat=1
match	"aaaaaaaaaaaaaaaaaaaaaaaaaaaaaaaaa"	true	seconds=116.392656	steps=487010799	memo_bytes=918792128	characters=33	repeat=1
match	"aaaaaaaabaaaaaaaabaaaaaaaa"	true	seconds=82.391809	steps=346937714	memo_bytes=390231776	characters=26	repeat=1
match	"ababababababababab"	false	seconds=2.333415	steps=7968725	memo_bytes=149313536	characters=18	repeat=1
match	"abbaabbaabbaabbaabbaabbaabbaabba"	true	seconds=99.184707	steps=412099615	memo_bytes=659207648	characters=32	repeat=1
match	"abbaabbaabbaabbaabbaabbaabbaabab"	false	seconds=17.440378	steps=82732558	memo_bytes=275756672	characters=32	repeat=1
match	"#"	false	seconds=1.147986	steps=2942340	memo_bytes=115389296	characters=1	repeat=1
match	"a!a"	false	seconds=3.610420	steps=15591990	memo_bytes=127738688	characters=3	repeat=1
match	"a.a"	false	seconds=4.460745	steps=15591990	memo_bytes=127738688	characters=3	repeat=1
match	"abcba"	false	seconds=10.285085	steps=38587114	memo_bytes=152719904	characters=5	repeat=1
